// Jest Snapshot v1, https://goo.gl/fbAQLP

exports[`PersonalInformationComponent should render 1`] = `
<Fragment>
  <WithStyles(Grid)
    container={true}
  >
    <WithStyles(Grid)
      item={true}
      xs={12}
    >
      <WithStyles(Typography)
        variant="h5"
      >
        Personal Information
      </WithStyles(Typography)>
    </WithStyles(Grid)>
    <WithStyles(Grid)
      container={true}
      spacing={24}
    >
      <WithStyles(Grid)
        item={true}
        xs={3}
      >
        <img
          alt="Detainee"
          className="img"
          src="detainee.PNG"
        />
      </WithStyles(Grid)>
      <WithStyles(Grid)
        item={true}
        xs={9}
      >
        <WithStyles(PersonalStatsComponent)
          detainee={
            Object {
              "detentionUnitName": "detentionUnitName",
              "dob": "dob",
              "firstName": "firstName",
              "gender": "gender",
              "lastName": "lastName",
              "propertyBagNumber": "propertyBagNumber",
            }
          }
        />
      </WithStyles(Grid)>
    </WithStyles(Grid)>
  </WithStyles(Grid)>
</Fragment>
`;
