// Jest Snapshot v1, https://goo.gl/fbAQLP

exports[`CellDetaineeCardContentComponent should render 1`] = `
<Fragment>
  <WithStyles(Grid)
    container={true}
    spacing={0}
  >
    <WithStyles(Grid)
      container={true}
      item={true}
      xs={12}
    >
      <WithStyles(Grid)
        item={true}
        xs={3}
      >
        <WithStyles(Typography)
          className="text"
          variant="h6"
        >
          Name:
        </WithStyles(Typography)>
      </WithStyles(Grid)>
      <WithStyles(Grid)
        item={true}
        xs={9}
      >
        <WithStyles(Typography)
          variant="h6"
        >
          Burger
          , 
          Bob
        </WithStyles(Typography)>
      </WithStyles(Grid)>
    </WithStyles(Grid)>
    <WithStyles(Grid)
      container={true}
      item={true}
      xs={12}
    >
      <WithStyles(Grid)
        item={true}
        xs={3}
      >
        <WithStyles(Typography)
          className="text"
          variant="h6"
        >
          DOB:
        </WithStyles(Typography)>
      </WithStyles(Grid)>
      <WithStyles(Grid)
        item={true}
        xs={9}
      >
        <WithStyles(Typography)
          variant="h6"
        >
          2001-01-01
        </WithStyles(Typography)>
      </WithStyles(Grid)>
    </WithStyles(Grid)>
    <WithStyles(Grid)
      container={true}
      item={true}
      xs={12}
    >
      <WithStyles(Grid)
        item={true}
        xs={3}
      >
        <WithStyles(Typography)
          className="text"
          variant="h6"
        >
          Gender:
        </WithStyles(Typography)>
      </WithStyles(Grid)>
      <WithStyles(Grid)
        item={true}
        xs={9}
      >
        <WithStyles(Typography)
          variant="h6"
        >
          Other
        </WithStyles(Typography)>
      </WithStyles(Grid)>
    </WithStyles(Grid)>
    <WithStyles(Grid)
      container={true}
      item={true}
      xs={12}
    >
      <WithStyles(Grid)
        item={true}
        xs={3}
      >
        <WithStyles(Typography)
          className="text"
          variant="h6"
        >
          BIN:
        </WithStyles(Typography)>
      </WithStyles(Grid)>
      <WithStyles(Grid)
        item={true}
        xs={9}
      >
        <WithStyles(Typography)
          variant="h6"
        >
          20
        </WithStyles(Typography)>
      </WithStyles(Grid)>
    </WithStyles(Grid)>
    <WithStyles(Grid)
      container={true}
      item={true}
      xs={12}
    >
      <WithStyles(Grid)
        item={true}
        xs={3}
      >
        <WithStyles(Typography)
          className="text"
          variant="h6"
        >
          Remarks:
        </WithStyles(Typography)>
      </WithStyles(Grid)>
      <WithStyles(Grid)
        item={true}
        xs={9}
      >
        <WithStyles(Typography)
          variant="h6"
        >
          DMU
        </WithStyles(Typography)>
      </WithStyles(Grid)>
    </WithStyles(Grid)>
  </WithStyles(Grid)>
</Fragment>
`;
